// Jest Snapshot v1, https://goo.gl/fbAQLP

exports[`AddAssetSearch.vue should renders correctly 1`] = `
<div
  class="asset-search"
>
  <s-input-stub
    accept=""
    autocomplete="off"
    borderradius="mini"
    class="asset-search-input"
    form=""
    label=""
    maxlength="100"
    name=""
    placeholder=""
    prefix=""
    size="big"
    suffix=""
    tabindex=""
    type="text"
    value=""
  />
   
  <div
    class="asset-search-list"
  >
    <div
      class="asset-search-list_info"
    >
      
      
    
    </div>
     
    <!---->
     
  </div>
   
  <div
    class="asset-search-actions s-flex"
  >
    <s-button-stub
      borderradius="small"
      icon=""
      iconposition="left"
      nativetype="button"
      size="medium"
      tabindex="0"
      tooltip=""
      tooltipplacement="top"
      type="secondary"
    >
      
      
    
    </s-button-stub>
     
    <s-button-stub
      borderradius="small"
      disabled="true"
      icon=""
      iconposition="left"
      nativetype="button"
      size="medium"
      tabindex="0"
      tooltip=""
      tooltipplacement="top"
      type="primary"
    >
      
      
    
    </s-button-stub>
  </div>
</div>
`;
