// Jest Snapshot v1, https://goo.gl/fbAQLP

exports[`WalletBase.vue should renders correctly 1`] = `
<s-card-stub
  class="wallet"
  shadow="hover"
>
   
</s-card-stub>
`;
