// Jest Snapshot v1, https://goo.gl/fbAQLP

exports[`WalletConnection.vue should renders correctly 1`] = `
<wallet-base-stub
  showclose="true"
  title=""
>
  <div
    class="wallet-connection"
  >
    <s-card-stub
      borderradius="medium"
      class="wallet-connection-create"
      shadow="never"
    >
      <div
        class="title"
      >
        
      </div>
       
      <div
        class="hint"
      >
        
      </div>
       
      <s-button-stub
        borderradius="small"
        class="action"
        icon=""
        iconposition="left"
        nativetype="button"
        size="medium"
        tabindex="0"
        tooltip=""
        tooltipplacement="top"
        type="primary"
      >
        
        
      
      </s-button-stub>
    </s-card-stub>
     
    <s-card-stub
      borderradius="medium"
      class="wallet-connection-import"
      shadow="never"
    >
      <div
        class="title"
      >
        
      </div>
       
      <div
        class="hint"
      >
        
      </div>
       
      <s-button-stub
        borderradius="small"
        class="action"
        icon=""
        iconposition="left"
        nativetype="button"
        size="medium"
        tabindex="0"
        tooltip=""
        tooltipplacement="top"
        type="primary"
      >
        
        
      
      </s-button-stub>
    </s-card-stub>
  </div>
</wallet-base-stub>
`;
