// Jest Snapshot v1, https://goo.gl/fbAQLP

exports[`WalletAssetsHeadline.vue should be rendered correctly 1`] = `
<div
  class="wallet-assets-headline"
>
  <div
    class="wallet-assets-headline__content"
  >
    <div
      class="total-fiat-values"
    >
      <span
        class="total-fiat-values__title"
      >
        Total assets value:
      </span>
       
      <formatted-amount-stub
        assetsymbol=""
        fiatsign="$"
        fontsizerate="normal"
        fontweightrate="normal"
        integeronly="true"
        isfiatvalue="true"
        value="0"
        valuecanbehidden="true"
        withleftshift="true"
      />
    </div>
     
    <el-popover-stub
      appendtobody="true"
      arrowoffset="0"
      boundariespadding="5"
      closedelay="200"
      offset="0"
      opendelay="0"
      placement="bottom"
      popperclass="wallet-assets-filter"
      popperoptions="[object Object]"
      tabindex="0"
      transformorigin="true"
      transition="fade-in-linear"
      trigger="click"
    >
      <div
        class="wallet-assets-filter__text"
      >
        Show assets
      </div>
       
      <s-radio-group-stub
        size="medium"
        value="All"
      >
        <s-radio-stub
          label="All"
          name=""
          size="small"
          usedesignsystem="true"
        >
          
          All
        
        </s-radio-stub>
        <s-radio-stub
          label="Currencies"
          name=""
          size="small"
          usedesignsystem="true"
        >
          
          Currencies
        
        </s-radio-stub>
        <s-radio-stub
          label="NFT"
          name=""
          size="small"
          usedesignsystem="true"
        >
          
          NFT
        
        </s-radio-stub>
      </s-radio-group-stub>
       
      <s-divider-stub
        class="wallet-assets-filter__divider"
        contentposition="center"
        direction="horizontal"
        type="secondary"
      />
       
      <div
        class="wallet-assets-filter__switch"
      >
        <s-switch-stub
          activeicon小lass=""
          activetext=""
          activevalue="true"
          inactiveicon小lass=""
          inactivetext=""
          name=""
          usedesignsystem="true"
          width="40"
        />
         
        <span>
          Show verified assets only
        </span>
      </div>
       
      <div
        class="wallet-assets-filter__switch"
      >
        <s-switch-stub
          activeicon小lass=""
          activetext=""
          activevalue="true"
          inactiveicon小lass=""
          inactivetext=""
          name=""
          usedesignsystem="true"
          width="40"
        />
         
        <span>
          Hide 0 balance assets
        </span>
      </div>
       
      <div
        class="wallet-assets-filter__button"
      >
        
        SHOW:
        
        <span
          class="wallet-assets-filter__button-option"
        >
          ALL
        </span>
         
        <s-icon-stub
          class="wallet-assets-filter__button-icon"
          name="basic-settings-24"
          size="14px"
        />
      </div>
    </el-popover-stub>
  </div>
   
  <s-divider-stub
    class="wallet-assets-headline__divider"
    contentposition="center"
    direction="horizontal"
    type="secondary"
  />
</div>
`;
