// Jest Snapshot v1, https://goo.gl/fbAQLP

exports[`WalletActivity.vue should be rendered correctly 1`] = `<wallet-history-stub />`;
